// Jest Snapshot v1, https://goo.gl/fbAQLP

exports[`Task component Task matches the snapshot 1`] = `<div />`;
