// Jest Snapshot v1, https://goo.gl/fbAQLP

exports[`Task component Task matches the snapshot 1`] = `
Array [
  " ",
  <div>
    <h1
      id="taskHeader"
    >
      Task List
    </h1>
    <div
      id="taskList"
    />
    <div />
    <button
      className="btn btn-info"
      id="addTaskBtn"
      onClick={[Function]}
    >
      Add Form
    </button>
  </div>,
  " ",
]
`;
